---
source: src/lexis/tokenizing.rs
expression: t
---
Text { "foo," "bar" "baz" }
