---
source: src/lexis/tokenizing.rs
expression: s
---
[]
