---
source: src/lexis/tokenizing.rs
expression: t
---
Text { "Foo" "Bar" "Baz" }
