---
source: src/lexis/word.rs
expression: w
---
Word {
    place: (
        0,
        15,
    ),
    stem: 15,
    pos: None,
    fin: true,
}
