---
source: src/lexis/matching.rs
expression: q.matches(&r)
---
[]
