---
source: src/lexis/matching.rs
expression: r.matches(&q)
---
[
    WordMatch { [rrrrrr] /1/ [qqqqq] },
]
