---
source: src/lexis/word.rs
expression: s
---
[]
