---
source: src/lexis/tokenizing.rs
expression: s
---
[
    Word { "Foo" },
    Word { "Bar" },
    Word { "Baz" },
]
