---
source: src/lexis/word.rs
expression: "&w.slice"
---
(
    1,
    13,
)
