---
source: src/lexis/matching.rs
expression: r.matches(&q)
---
[
    WordMatch { [rrrrr]r /0/ [qqqqq].. },
]
