---
source: src/lexis/word.rs
expression: w
---
Word {
    place: (
        3,
        3,
    ),
    stem: 3,
    pos: None,
    fin: true,
}
