---
source: src/lexis/matching.rs
expression: "word_match(&r.to_ref(), &q1.to_ref())"
---
None
