---
source: src/store/trigram_index.rs
expression: prepared
---
[
    1,
    2,
]
