---
source: src/matching/word.rs
expression: "word_match(&rtext.view(0), &qtext.view(0))"
---
Some(
    (
        WordMatch {
            ix: 0,
            len: 7,
            slice: (
                0,
                7,
            ),
            typos: 0.0,
            func: false,
            fin: true,
        },
        WordMatch {
            ix: 0,
            len: 7,
            slice: (
                0,
                7,
            ),
            typos: 0.0,
            func: false,
            fin: true,
        },
    ),
)
