---
source: src/matching/word.rs
expression: "word_match(&rword, &qword, &rchars[..], &qchars[..], false)"
---
Some(
    WordMatch {
        query: MatchSide {
            ix: 0,
            len: 6,
            slice: (
                0,
                6,
            ),
            primary: true,
        },
        record: MatchSide {
            ix: 0,
            len: 7,
            slice: (
                0,
                7,
            ),
            primary: true,
        },
        typos: 1,
        fin: true,
    },
)
