---
source: src/matching/text.rs
expression: "text_match(&rtext.to_ref(), &qtext.to_ref())"
---
[
    WordMatch { [rrr] /0/ [qqq] },
]
