---
source: src/matching/word.rs
expression: "word_match(&rtext.view(0), &qtext.view(0))"
---
Some(
    WordMatch {
        query: MatchSide {
            ix: 0,
            len: 7,
            slice: (
                0,
                7,
            ),
            function: false,
        },
        record: MatchSide {
            ix: 0,
            len: 7,
            slice: (
                0,
                7,
            ),
            function: false,
        },
        typos: 0.5,
        fin: true,
    },
)
