---
source: src/matching/text.rs
expression: "text_match(&rtext.to_ref(), &qtext.to_ref())"
---
(
    [
        WordMatch {
            ix: 0,
            len: 1,
            slice: (
                0,
                1,
            ),
            typos: 0.1,
            func: false,
            fin: true,
        },
        WordMatch {
            ix: 1,
            len: 5,
            slice: (
                0,
                2,
            ),
            typos: 0.4,
            func: false,
            fin: false,
        },
    ],
    [
        WordMatch {
            ix: 0,
            len: 3,
            slice: (
                0,
                3,
            ),
            typos: 0.5,
            func: false,
            fin: false,
        },
    ],
)
