---
source: src/matching/text.rs
expression: "text_match(&rtext.to_ref(), &qtext.to_ref())"
---
(
    [
        WordMatch {
            ix: 0,
            len: 6,
            slice: (
                0,
                6,
            ),
            typos: 0.5,
            func: false,
            fin: true,
        },
    ],
    [
        WordMatch {
            ix: 0,
            len: 5,
            slice: (
                0,
                5,
            ),
            typos: 0.5,
            func: false,
            fin: true,
        },
    ],
)
