---
source: src/tokenization/text.rs
expression: text
---
Text { "Foo" "Baz" }
