---
source: src/tokenization/text.rs
expression: text
---
Text { }
