---
source: src/tokenization/text.rs
expression: text
---
Text { "foo," "bar" "baz" }
