---
source: src/tokenization/word_shape.rs
expression: word
---
WordShape {
    ix: 0,
    place: (
        3,
        3,
    ),
    stem: 3,
    pos: None,
    fin: true,
}
