---
source: src/lang/lang.rs
expression: output
---
Some(
    (
        [
            'f',
            'o',
            'รณ',
            'b',
            'a',
            'r',
        ],
        [
            'f',
            'o',
            'o',
            'b',
            'a',
            'r',
        ],
    ),
)
