---
source: src/lang/mod.rs
expression: output
---
Some(
    (
        [
            's',
            't',
            'r',
            'a',
            'ÃŸ',
            '\u{0}',
            'e',
        ],
        [
            's',
            't',
            'r',
            'a',
            's',
            's',
            'e',
        ],
    ),
)
