---
source: src/lang/normalize.rs
expression: output
---
(
    [
        "f",
        "o",
        "o",
        "b",
        "a",
        "r",
    ],
    [
        "f",
        "o",
        "o",
        "b",
        "a",
        "r",
    ],
)
