---
source: src/search/mod.rs
expression: results1
---
[]
