---
source: src/search/mod.rs
expression: result
---
[
    SearchResult {
        id: 10,
        title: "[Mittelt√∂]ner",
    },
]
