---
source: src/utils/trigrams.rs
expression: output
---
[
    [
        'f',
        '\u{0}',
        '\u{0}',
    ],
    [
        'f',
        'o',
        '\u{0}',
    ],
    [
        'f',
        'o',
        'o',
    ],
]
